cargo : warning: profi
les for the non root p
ackage will be ignored
, specify profiles at 
the workspace root:
発生場所 行:1 文字:1
+ cargo check -p tiny_
os --target kernel/x86
_64-rany_os.json > bui
ld_er ...
+ ~~~~~~~~~~~~~~~~~~~~
~~~~~~~~~~~~~~~~~~~~~~
~~~~~~~~~~~~~~~~~~~~~~
~~~~~
    + CategoryInfo    
          : NotSpeci  
  fied: (warning: p   
 rofil...workspace    
 root::String) []    ,
 RemoteException
    + FullyQualifiedE 
   rrorId : NativeCo  
  mmandError
 
package:   D:\Rust\OS\
OS\kernel\Cargo.toml
workspace: D:\Rust\OS\
OS\Cargo.toml
warning: profiles for 
the non root package w
ill be ignored, specif
y profiles at the work
space root:
package:   D:\Rust\OS\
OS\userland\libuser\Ca
rgo.toml
workspace: D:\Rust\OS\
OS\Cargo.toml
warning: profiles for 
the non root package w
ill be ignored, specif
y profiles at the work
space root:
package:   D:\Rust\OS\
OS\userland\programs\s
hell\Cargo.toml
workspace: D:\Rust\OS\
OS\Cargo.toml
warning: D:\Rust\OS\OS
\kernel\Cargo.toml: `p
anic` setting is ignor
ed for `test` profile
   Compiling tiny_os v
0.4.0 (D:\Rust\OS\OS\k
ernel)
error[E0382]: borrow o
f moved value: `local_
target`
    --> kernel\build.r
s:127:88
     |
 113 |     let local_t
arget = shell_dir.join
("target/x86_64-unknow
n-none/release/shell")
;
     |         -------
----- move occurs beca
use `local_target` has
 type `PathBuf`, which
 does not implement th
e `Copy` trait
...
 117 |         local_t
arget
     |         -------
----- value moved here
...
 127 |         println
!("cargo:warning=Shell
 ELF not found at {} o
r {}. Using dummy bina
ry.", local_target.dis
play(), workspace_targ
et.di...
     |                
                      
                      
                      
      ^^^^^^^^^^^^ val
ue borrowed here after
 move
     |
     = note: borrow oc
curs due to deref coer
cion to `Path`
note: deref defined he
re
    --> C:\Users\junga
mer64\.rustup\toolchai
ns\nightly-x86_64-pc-w
indows-msvc\lib/rustli
b/src/rust\library\std
\src\path.rs:2052:5
     |
2052 |     type Target
 = Path;
     |     ^^^^^^^^^^^
help: consider cloning
 the value if the perf
ormance cost is accept
able
     |
 117 |         local_t
arget.clone()
     |                
     ++++++++

error[E0382]: borrow o
f moved value: `worksp
ace_target`
    --> kernel\build.r
s:127:112
     |
 114 | ...et workspace
_target = root_path.pa
rent().unwrap().join("
target/x86_64-unknown-
none/release/shell");
     |       ---------
------- move occurs be
cause `workspace_targe
t` has type `PathBuf`,
 which does not implem
ent the `Copy` trait
...
 119 | ...   workspace
_target
     |       ---------
------- value moved he
re
...
 127 | ...   println!(
"cargo:warning=Shell E
LF not found at {} or 
{}. Using dummy binary
.", local_target.displ
ay(), workspace_target
.disp...
     |                
                      
                      
                      
                      
      ^^^^^^^^^^^^^^^^
 value borrowed here a
fter move
     |
     = note: borrow oc
curs due to deref coer
cion to `Path`
note: deref defined he
re
    --> C:\Users\junga
mer64\.rustup\toolchai
ns\nightly-x86_64-pc-w
indows-msvc\lib/rustli
b/src/rust\library\std
\src\path.rs:2052:5
     |
2052 |     type Target
 = Path;
     |     ^^^^^^^^^^^
help: consider cloning
 the value if the perf
ormance cost is accept
able
     |
 119 |         workspa
ce_target.clone()
     |                
         ++++++++

For more information a
bout this error, try `
rustc --explain E0382`
.
error: could not compi
le `tiny_os` (build sc
ript) due to 2 previou
s errors
