cargo : warning: C:\Users\jungamer64\Desktop\OS\Cargo.toml: `panic` setting is ignored for 
`test` profile
発生場所 行:1 文字:96
+ ... lyContinue; Start-Sleep -Seconds 1; cargo run -p builder 2>&1 | Tee-O ...
+                                         ~~~~~~~~~~~~~~~~~~~~~~~~~
    + CategoryInfo          : NotSpecified: (warning: C:\Use... `test` profile:String) [], 
    RemoteException
    + FullyQualifiedErrorId : NativeCommandError
 
   Compiling serde_core v1.0.228
   Compiling byteorder v1.5.0
   Compiling memchr v2.7.6
   Compiling fastrand v2.3.0
   Compiling windows-sys v0.61.2
   Compiling once_cell v1.21.3
   Compiling anyhow v1.0.100
   Compiling uuid v1.18.1
error[E0152]: duplicate lang item in crate `core` (which `byteorder` depends on): `sized`
  |
  = note: the lang item is first defined in crate `core` (which `std` depends on)
  = note: first definition in `core` loaded from C:\Users\jungamer64\.rustup\toolchains\nig
htly-x86_64-pc-windows-msvc\lib\rustlib\x86_64-pc-windows-msvc\lib\libcore-a281a1c30288b887
.rlib
  = note: second definition in `core` loaded from \\?\C:\Users\jungamer64\Desktop\OS\target
\debug\deps\libcore-0d54d74bc4db84ab.rmeta

For more information about this error, try `rustc --explain E0152`.
error: could not compile `byteorder` (lib) due to 1 previous error
warning: build failed, waiting for other jobs to finish...
error[E0152]: duplicate lang item in crate `alloc` (which `once_cell` depends on): `exchang
e_malloc`
  |
  = note: the lang item is first defined in crate `alloc` (which `std` depends on)
  = note: first definition in `alloc` loaded from C:\Users\jungamer64\.rustup\toolchains\ni
ghtly-x86_64-pc-windows-msvc\lib\rustlib\x86_64-pc-windows-msvc\lib\liballoc-7de4ad70ad25e6
da.rlib
  = note: second definition in `alloc` loaded from \\?\C:\Users\jungamer64\Desktop\OS\targe
t\debug\deps\liballoc-407264c0d06cfdcc.rmeta

error[E0152]: duplicate lang item in crate `core` (which `std` depends on): `sized`
  |
  = note: the lang item is first defined in crate `core` (which `fastrand` depends on)
  = note: first definition in `core` loaded from \\?\C:\Users\jungamer64\Desktop\OS\target\
debug\deps\libcore-0d54d74bc4db84ab.rmeta
  = note: second definition in `core` loaded from C:\Users\jungamer64\.rustup\toolchains\ni
ghtly-x86_64-pc-windows-msvc\lib\rustlib\x86_64-pc-windows-msvc\lib\libcore-a281a1c30288b88
7.rlib

error: could not compile `once_cell` (lib) due to 1 previous error
error: could not compile `fastrand` (lib) due to 1 previous error
error[E0152]: duplicate lang item in crate `core` (which `std` depends on): `sized`
  |
  = note: the lang item is first defined in crate `core` (which `uuid` depends on)
  = note: first definition in `core` loaded from \\?\C:\Users\jungamer64\Desktop\OS\target\
debug\deps\libcore-0d54d74bc4db84ab.rmeta
  = note: second definition in `core` loaded from C:\Users\jungamer64\.rustup\toolchains\ni
ghtly-x86_64-pc-windows-msvc\lib\rustlib\x86_64-pc-windows-msvc\lib\libcore-a281a1c30288b88
7.rlib

error: could not compile `uuid` (lib) due to 1 previous error
error[E0152]: duplicate lang item in crate `core` (which `std` depends on): `sized`
  |
  = note: the lang item is first defined in crate `core` (which `memchr` depends on)
  = note: first definition in `core` loaded from \\?\C:\Users\jungamer64\Desktop\OS\target\
debug\deps\libcore-0d54d74bc4db84ab.rmeta
  = note: second definition in `core` loaded from C:\Users\jungamer64\.rustup\toolchains\ni
ghtly-x86_64-pc-windows-msvc\lib\rustlib\x86_64-pc-windows-msvc\lib\libcore-a281a1c30288b88
7.rlib

error: could not compile `memchr` (lib) due to 1 previous error
error[E0152]: duplicate lang item in crate `core` (which `serde_core` depends on): `sized`
  |
  = note: the lang item is first defined in crate `core` (which `std` depends on)
  = note: first definition in `core` loaded from C:\Users\jungamer64\.rustup\toolchains\nig
htly-x86_64-pc-windows-msvc\lib\rustlib\x86_64-pc-windows-msvc\lib\libcore-a281a1c30288b887
.rlib
  = note: second definition in `core` loaded from \\?\C:\Users\jungamer64\Desktop\OS\target
\debug\deps\libcore-0d54d74bc4db84ab.rmeta

error: could not compile `serde_core` (lib) due to 1 previous error
error[E0152]: duplicate lang item in crate `core` (which `std` depends on): `sized`
  |
  = note: the lang item is first defined in crate `core` (which `anyhow` depends on)
  = note: first definition in `core` loaded from \\?\C:\Users\jungamer64\Desktop\OS\target\
debug\deps\libcore-0d54d74bc4db84ab.rmeta
  = note: second definition in `core` loaded from C:\Users\jungamer64\.rustup\toolchains\ni
ghtly-x86_64-pc-windows-msvc\lib\rustlib\x86_64-pc-windows-msvc\lib\libcore-a281a1c30288b88
7.rlib

error: could not compile `anyhow` (lib) due to 1 previous error
